============================= test session starts =============================
platform win32 -- Python 3.13.7, pytest-8.4.1, pluggy-1.6.0 -- E:\UGit\xingtie\venv\Scripts\python.exe
cachedir: .pytest_cache
rootdir: E:\UGit\xingtie
configfile: pytest.ini
plugins: asyncio-1.1.0
asyncio: mode=Mode.STRICT, asyncio_default_fixture_loop_scope=None, asyncio_default_test_loop_scope=function
collecting ... collected 1 item

tests/integration/test_task_workflow.py::TestTaskWorkflow::test_manual_task_creation_and_execution FAILED [100%]

================================== FAILURES ===================================
__________ TestTaskWorkflow.test_manual_task_creation_and_execution ___________

self = <src.services.task_service.TaskService object at 0x000001CEFB3C30E0>

    async def initialize(self) -> bool:
        """初始化领域服务"""
        try:
            # 初始化数据访问层
>           await self.task_repository.initialize()
                  ^^^^^^^^^^^^^^^^^^^^^^^^^^^^^^^
E           AttributeError: 'TaskRepository' object has no attribute 'initialize'

src\services\task_service.py:116: AttributeError

During handling of the above exception, another exception occurred:

self = <src.application.task_application_service.TaskApplicationService object at 0x000001CEFB3C3380>
request = TaskCreateRequest(name='测试手动任务', task_type='manual', description='这是一个测试任务', priority=2, max_retries=3, timeout_seconds=300, automation_config={}, schedule_config=None, tags=[])
user_id = 'test_user'

    async def create_task(self, request: TaskCreateRequest, user_id: str = "default") -> str:
        """
        创建任务
    
        Args:
            request: 任务创建请求
            user_id: 用户ID
    
        Returns:
            str: 任务ID
    
        Raises:
            TaskValidationError: 任务验证失败
        """
        await self._ensure_initialized()
    
        try:
            # 验证请求
            self._validate_create_request(request)
    
            # 创建任务配置
            task_config = TaskConfig(
                name=request.name,
                task_type=request.task_type,
                description=request.description,
                priority=request.priority,
                max_retries=request.max_retries,
                timeout_seconds=request.timeout_seconds,
                automation_config=request.automation_config,
                schedule_config=request.schedule_config,
                tags=request.tags
            )
    
            # 调用领域服务创建任务
>           task_id = await self.task_service.create_task(task_config, user_id)
                      ^^^^^^^^^^^^^^^^^^^^^^^^^^^^^^^^^^^^^^^^^^^^^^^^^^^^^^^^^

src\application\task_application_service.py:253: 
_ _ _ _ _ _ _ _ _ _ _ _ _ _ _ _ _ _ _ _ _ _ _ _ _ _ _ _ _ _ _ _ _ _ _ _ _ _ _ _

self = <src.services.task_service.TaskService object at 0x000001CEFB3C30E0>
config = TaskConfig(name='测试手动任务', task_type='manual', description='这是一个测试任务', priority=2, max_retry_count=3, timeout_seconds=3..._enabled=False, scheduled_time=None, schedule_config=None, automation_config={}, actions=[], tags=[], custom_params={})
user_id = 'test_user'

    async def create_task(
        self,
        config: TaskConfig,
        user_id: Optional[str] = None
    ) -> str:
        """
        创建任务 - 领域逻辑
    
        Args:
            config: 任务配置（已验证）
            user_id: 用户ID，如果为None则使用默认用户
    
        Returns:
            str: 任务ID
    
        Raises:
            DuplicateTaskError: 任务已存在
        """
>       await self._ensure_initialized()

src\services\task_service.py:166: 
_ _ _ _ _ _ _ _ _ _ _ _ _ _ _ _ _ _ _ _ _ _ _ _ _ _ _ _ _ _ _ _ _ _ _ _ _ _ _ _

self = <src.services.task_service.TaskService object at 0x000001CEFB3C30E0>

    async def _ensure_initialized(self) -> None:
        """确保服务已初始化"""
        if not hasattr(self, '_initialized') or not self._initialized:
>           await self.initialize()

src\services\task_service.py:144: 
_ _ _ _ _ _ _ _ _ _ _ _ _ _ _ _ _ _ _ _ _ _ _ _ _ _ _ _ _ _ _ _ _ _ _ _ _ _ _ _

self = <src.services.task_service.TaskService object at 0x000001CEFB3C30E0>

    async def initialize(self) -> bool:
        """初始化领域服务"""
        try:
            # 初始化数据访问层
            await self.task_repository.initialize()
    
            # 注册事件监听器
            self._register_event_listeners()
    
            self._initialized = True
            logger.info("任务领域服务初始化成功")
            return True
    
        except Exception as e:
            logger.error(f"任务领域服务初始化失败: {e}")
>           raise ServiceError(f"Failed to initialize task service: {e}", "INITIALIZATION_ERROR", "TaskService", e)
E           src.exceptions.ServiceError: Failed to initialize task service: 'TaskRepository' object has no attribute 'initialize'

src\services\task_service.py:127: ServiceError

During handling of the above exception, another exception occurred:

self = <test_task_workflow.TestTaskWorkflow object at 0x000001CEFB3ED310>
setup_services = {'automation_service': <src.application.automation_application_service.AutomationApplicationService object at 0x000001...>, 'screenshot': <src.repositories.screenshot_repository.ScreenshotRepository object at 0x000001CEFB3C2900>, ...}, ...}

    @pytest.mark.asyncio
    async def test_manual_task_creation_and_execution(self, setup_services):
        """测试手动任务创建和执行"""
        services = setup_services
        task_service = services['task_service']
        task_executor = services['task_executor']
        event_bus = services['event_bus']
    
        # 事件收集器
        events = []
    
        def event_handler(event):
            events.append(event)
    
        event_bus.subscribe(event_type=TaskEventType.TASK_CREATED, handler=event_handler)
        event_bus.subscribe(event_type=TaskEventType.TASK_STATUS_CHANGED, handler=event_handler)
    
        # 创建手动任务
        task_config = TaskConfig(
            name="测试手动任务",
            description="这是一个测试任务",
            task_type=TaskType.MANUAL,
            priority=TaskPriority.MEDIUM
        )
    
        # 创建任务请求
        create_request = TaskCreateRequest(
            name=task_config.name,
            task_type=task_config.task_type,
            description=task_config.description,
            priority=task_config.priority
        )
    
>       task_id = await task_service.create_task(create_request, "test_user")
                  ^^^^^^^^^^^^^^^^^^^^^^^^^^^^^^^^^^^^^^^^^^^^^^^^^^^^^^^^^^^

tests\integration\test_task_workflow.py:140: 
_ _ _ _ _ _ _ _ _ _ _ _ _ _ _ _ _ _ _ _ _ _ _ _ _ _ _ _ _ _ _ _ _ _ _ _ _ _ _ _

self = <src.application.task_application_service.TaskApplicationService object at 0x000001CEFB3C3380>
request = TaskCreateRequest(name='测试手动任务', task_type='manual', description='这是一个测试任务', priority=2, max_retries=3, timeout_seconds=300, automation_config={}, schedule_config=None, tags=[])
user_id = 'test_user'

    async def create_task(self, request: TaskCreateRequest, user_id: str = "default") -> str:
        """
        创建任务
    
        Args:
            request: 任务创建请求
            user_id: 用户ID
    
        Returns:
            str: 任务ID
    
        Raises:
            TaskValidationError: 任务验证失败
        """
        await self._ensure_initialized()
    
        try:
            # 验证请求
            self._validate_create_request(request)
    
            # 创建任务配置
            task_config = TaskConfig(
                name=request.name,
                task_type=request.task_type,
                description=request.description,
                priority=request.priority,
                max_retries=request.max_retries,
                timeout_seconds=request.timeout_seconds,
                automation_config=request.automation_config,
                schedule_config=request.schedule_config,
                tags=request.tags
            )
    
            # 调用领域服务创建任务
            task_id = await self.task_service.create_task(task_config, user_id)
    
            logger.info(f"应用服务创建任务成功: {task_id}")
            return task_id
    
        except Exception as e:
            if isinstance(e, TaskValidationError):
                raise
            logger.error(f"应用服务创建任务失败: {e}")
python : Traceback (most recent call last):
所在位置 行:1 字符: 1
+ python -m pytest tests/integration/test_task_workflow.py::TestTaskWor ...
+ ~~~~~~~~~~~~~~~~~~~~~~~~~~~~~~~~~~~~~~~~~~~~~~~~~~~~~~~~~~~~~~~~~~~~~
    + CategoryInfo          : NotSpecified: (Traceback (most recent call last)::String) [], RemoteException
    + FullyQualifiedErrorId : NativeCommandError
 
  File "<frozen runpy>", line 198, in _run_module_as_main
  File "<frozen runpy>", line 88, in _run_code
  File "E:\UGit\xingtie\venv\Lib\site-packages\pytest\__main__.py", line 9, in <module>
    raise SystemExit(pytest.console_main())
                     ~~~~~~~~~~~~~~~~~~~^^
  File "E:\UGit\xingtie\venv\Lib\site-packages\_pytest\config\__init__.py", line 201, in console_main
    code = main()
  File "E:\UGit\xingtie\venv\Lib\site-packages\_pytest\config\__init__.py", line 175, in main
    ret: ExitCode | int = config.hook.pytest_cmdline_main(config=config)
                          ~~~~~~~~~~~~~~~~~~~~~~~~~~~~~~~^^^^^^^^^^^^^^^
  File "E:\UGit\xingtie\venv\Lib\site-packages\pluggy\_hooks.py", line 512, in __call__
    return self._hookexec(self.name, self._hookimpls.copy(), kwargs, firstresult)
           ~~~~~~~~~~~~~~^^^^^^^^^^^^^^^^^^^^^^^^^^^^^^^^^^^^^^^^^^^^^^^^^^^^^^^^
  File "E:\UGit\xingtie\venv\Lib\site-packages\pluggy\_manager.py", line 120, in _hookexec
    return self._inner_hookexec(hook_name, methods, kwargs, firstresult)
           ~~~~~~~~~~~~~~~~~~~~^^^^^^^^^^^^^^^^^^^^^^^^^^^^^^^^^^^^^^^^^
  File "E:\UGit\xingtie\venv\Lib\site-packages\pluggy\_callers.py", line 167, in _multicall
    raise exception
  File "E:\UGit\xingtie\venv\Lib\site-packages\pluggy\_callers.py", line 121, in _multicall
    res = hook_impl.function(*args)
  File "E:\UGit\xingtie\venv\Lib\site-packages\_pytest\main.py", line 336, in pytest_cmdline_main
    return wrap_session(config, _main)
  File "E:\UGit\xingtie\venv\Lib\site-packages\_pytest\main.py", line 324, in wrap_session
    config.hook.pytest_sessionfinish(
    ~~~~~~~~~~~~~~~~~~~~~~~~~~~~~~~~^
        session=session, exitstatus=session.exitstatus
        ^^^^^^^^^^^^^^^^^^^^^^^^^^^^^^^^^^^^^^^^^^^^^^
    )
    ^
  File "E:\UGit\xingtie\venv\Lib\site-packages\pluggy\_hooks.py", line 512, in __call__
    return self._hookexec(self.name, self._hookimpls.copy(), kwargs, firstresult)
           ~~~~~~~~~~~~~~^^^^^^^^^^^^^^^^^^^^^^^^^^^^^^^^^^^^^^^^^^^^^^^^^^^^^^^^
  File "E:\UGit\xingtie\venv\Lib\site-packages\pluggy\_manager.py", line 120, in _hookexec
    return self._inner_hookexec(hook_name, methods, kwargs, firstresult)
           ~~~~~~~~~~~~~~~~~~~~^^^^^^^^^^^^^^^^^^^^^^^^^^^^^^^^^^^^^^^^^
  File "E:\UGit\xingtie\venv\Lib\site-packages\pluggy\_callers.py", line 167, in _multicall
    raise exception
  File "E:\UGit\xingtie\venv\Lib\site-packages\pluggy\_callers.py", line 139, in _multicall
    teardown.throw(exception)
    ~~~~~~~~~~~~~~^^^^^^^^^^^
  File "E:\UGit\xingtie\venv\Lib\site-packages\_pytest\logging.py", line 873, in pytest_sessionfinish
    return (yield)
            ^^^^^
  File "E:\UGit\xingtie\venv\Lib\site-packages\pluggy\_callers.py", line 152, in _multicall
    teardown.send(result)
    ~~~~~~~~~~~~~^^^^^^^^
  File "E:\UGit\xingtie\venv\Lib\site-packages\_pytest\terminal.py", line 944, in pytest_sessionfinish
    self.config.hook.pytest_terminal_summary(
    ~~~~~~~~~~~~~~~~~~~~~~~~~~~~~~~~~~~~~~~~^
        terminalreporter=self, exitstatus=exitstatus, config=self.config
        ^^^^^^^^^^^^^^^^^^^^^^^^^^^^^^^^^^^^^^^^^^^^^^^^^^^^^^^^^^^^^^^^
    )
    ^
  File "E:\UGit\xingtie\venv\Lib\site-packages\pluggy\_hooks.py", line 512, in __call__
    return self._hookexec(self.name, self._hookimpls.copy(), kwargs, firstresult)
           ~~~~~~~~~~~~~~^^^^^^^^^^^^^^^^^^^^^^^^^^^^^^^^^^^^^^^^^^^^^^^^^^^^^^^^
  File "E:\UGit\xingtie\venv\Lib\site-packages\pluggy\_manager.py", line 120, in _hookexec
    return self._inner_hookexec(hook_name, methods, kwargs, firstresult)
           ~~~~~~~~~~~~~~~~~~~~^^^^^^^^^^^^^^^^^^^^^^^^^^^^^^^^^^^^^^^^^
  File "E:\UGit\xingtie\venv\Lib\site-packages\pluggy\_callers.py", line 167, in _multicall
    raise exception
  File "E:\UGit\xingtie\venv\Lib\site-packages\pluggy\_callers.py", line 139, in _multicall
    teardown.throw(exception)
    ~~~~~~~~~~~~~~^^^^^^^^^^^
  File "E:\UGit\xingtie\venv\Lib\site-packages\_pytest\terminal.py", line 966, in pytest_terminal_summary
    return (yield)
            ^^^^^
  File "E:\UGit\xingtie\venv\Lib\site-packages\pluggy\_callers.py", line 139, in _multicall
    teardown.throw(exception)
    ~~~~~~~~~~~~~~^^^^^^^^^^^
  File "E:\UGit\xingtie\venv\Lib\site-packages\_pytest\warnings.py", line 110, in pytest_terminal_summary
    return (yield)
            ^^^^^
  File "E:\UGit\xingtie\venv\Lib\site-packages\pluggy\_callers.py", line 121, in _multicall
    res = hook_impl.function(*args)
  File "E:\UGit\xingtie\tests\conftest.py", line 200, in pytest_terminal_summary
    print(f"\u274c 失败: {len(stats['failed'])} 个测试")
    ~~~~~^^^^^^^^^^^^^^^^^^^^^^^^^^^^^^^^^^^^^^^^^^^
UnicodeEncodeError: 'gbk' codec can't encode character '\u274c' in position 0: illegal multibyte sequence
>           raise TaskApplicationServiceError(f"Failed to create task: {e}", "CREATE_ERROR", e)
E           src.services.task_application_service.TaskApplicationServiceError: ("Failed to create task: Failed to initialize task service: 'TaskRepository' object has no attribute 'initialize'", 'CREATE_ERROR', ServiceError("Failed to initialize task service: 'TaskRepository' object has no attribute 'initialize'"))

src\application\task_application_service.py:262: TaskApplicationServiceError
---------------------------- Captured stderr setup ----------------------------
2025-09-02 11:26:30.812 | INFO     | src.services.event_bus:__init__:317 - 事件总线初始化完成，队列大小: 10000, 工作线程: 3
2025-09-02 11:26:30.836 | INFO     | src.services.task_service:__init__:110 - 任务服务初始化完成
2025-09-02 11:26:30.836 | INFO     | src.services.base_async_service:__init__:235 - 异步服务初始化: TaskApplicationService (ID: f7db0b41-3a7a-48c3-81f2-a07876b95237)
2025-09-02 11:26:30.836 | INFO     | src.services.event_bus:subscribe:568 - 事件订阅成功: task_created (ID: 5948b0ac-bd22-48c0-b663-cd5aab772923)
2025-09-02 11:26:30.836 | INFO     | src.services.event_bus:subscribe:568 - 事件订阅成功: task_updated (ID: bf67f810-fcaf-4aa6-afbd-ba7805558020)
2025-09-02 11:26:30.836 | INFO     | src.services.event_bus:subscribe:568 - 事件订阅成功: task_deleted (ID: e121a1a0-3c0b-4ba6-8631-b8f0ab10b281)
2025-09-02 11:26:30.841 | INFO     | src.services.event_bus:subscribe:568 - 事件订阅成功: task_status_changed (ID: 809b8472-f2b3-4783-af65-fcc06dcf5480)
2025-09-02 11:26:30.841 | INFO     | src.services.event_bus:subscribe:568 - 事件订阅成功: task_execution_started (ID: d557f28b-af88-428f-9473-fc738d293b72)
2025-09-02 11:26:30.841 | INFO     | src.services.event_bus:subscribe:568 - 事件订阅成功: task_execution_completed (ID: a87e39c2-f47d-4fbe-8a6e-c70c331e990b)
2025-09-02 11:26:30.841 | INFO     | src.services.event_bus:subscribe:568 - 事件订阅成功: task_execution_failed (ID: 1037069d-bd97-41f5-96c1-cc66bfec91fd)
2025-09-02 11:26:30.841 | INFO     | src.services.base_async_service:__init__:235 - 异步服务初始化: AutomationApplicationService (ID: b10e56f0-8613-4660-ac6b-39c5b34c2863)
----------------------------- Captured log setup ------------------------------
INFO     src.core.sync_adapter:sync_adapter.py:120 回调处理器已启动
INFO     src.core.sync_adapter:sync_adapter.py:399 事件循环已启动
INFO     src.core.sync_adapter:sync_adapter.py:266 异步到同步适配器已启动
INFO     src.core.sync_adapter:sync_adapter.py:492 事件桥接器已启动
---------------------------- Captured stderr call -----------------------------
2025-09-02 11:26:30.843 | INFO     | src.services.event_bus:subscribe:568 - 事件订阅成功: task_created (ID: e994cf17-5814-4c84-bb08-931d4e956b3d)
2025-09-02 11:26:30.843 | INFO     | src.services.event_bus:subscribe:568 - 事件订阅成功: task_status_changed (ID: dd663cfa-a6d1-45d0-a8bf-2f8f68592035)
2025-09-02 11:26:30.843 | ERROR    | src.services.task_service:initialize:126 - 任务领域服务初始化失败: 'TaskRepository' object has no attribute 'initialize'
2025-09-02 11:26:30.844 | ERROR    | src.application.task_application_service:initialize:209 - 任务应用服务初始化失败: Failed to initialize task service: 'TaskRepository' object has no attribute 'initialize'
2025-09-02 11:26:30.844 | ERROR    | src.services.task_service:initialize:126 - 任务领域服务初始化失败: 'TaskRepository' object has no attribute 'initialize'
2025-09-02 11:26:30.844 | ERROR    | src.application.task_application_service:create_task:261 - 应用服务创建任务失败: Failed to initialize task service: 'TaskRepository' object has no attribute 'initialize'
---------------------------- Captured log teardown ----------------------------
INFO     src.core.sync_adapter:sync_adapter.py:135 回调处理器已停止
INFO     src.core.sync_adapter:sync_adapter.py:407 事件循环已结束
INFO     src.core.sync_adapter:sync_adapter.py:282 异步到同步适配器已停止
INFO     src.core.sync_adapter:sync_adapter.py:503 事件桥接器已停止
============================== warnings summary ===============================
venv\Lib\site-packages\pydantic\_internal\_config.py:323
venv\Lib\site-packages\pydantic\_internal\_config.py:323
venv\Lib\site-packages\pydantic\_internal\_config.py:323
venv\Lib\site-packages\pydantic\_internal\_config.py:323
  E:\UGit\xingtie\venv\Lib\site-packages\pydantic\_internal\_config.py:323: PydanticDeprecatedSince20: Support for class-based `config` is deprecated, use ConfigDict instead. Deprecated in Pydantic V2.0 to be removed in V3.0. See Pydantic V2 Migration Guide at https://errors.pydantic.dev/2.11/migration/
    warnings.warn(DEPRECATION_MESSAGE, DeprecationWarning)

-- Docs: https://docs.pytest.org/en/stable/how-to/capture-warnings.html

============================================================
测试执行总结
============================================================
=========================== short test summary info ===========================
FAILED tests/integration/test_task_workflow.py::TestTaskWorkflow::test_manual_task_creation_and_execution
